[0.286s] DEBUG:colcon:Command line arguments: ['/usr/bin/colcon', 'build']
[0.286s] DEBUG:colcon:Parsed command line arguments: Namespace(log_base=None, log_level=None, verb_name='build', build_base='build', install_base='install', merge_install=False, symlink_install=False, test_result_base=None, continue_on_error=False, executor='parallel', parallel_workers=4, event_handlers=None, ignore_user_meta=False, metas=['./colcon.meta'], base_paths=['.'], packages_ignore=None, packages_ignore_regex=None, paths=None, packages_up_to=None, packages_up_to_regex=None, packages_above=None, packages_above_and_dependencies=None, packages_above_depth=None, packages_select_by_dep=None, packages_skip_by_dep=None, packages_skip_up_to=None, packages_select_build_failed=False, packages_skip_build_finished=False, packages_select_test_failures=False, packages_skip_test_passed=False, packages_select=None, packages_skip=None, packages_select_regex=None, packages_skip_regex=None, packages_start=None, packages_end=None, allow_overriding=[], cmake_args=None, cmake_target=None, cmake_target_skip_unavailable=False, cmake_clean_cache=False, cmake_clean_first=False, cmake_force_configure=False, ament_cmake_args=None, catkin_cmake_args=None, catkin_skip_building_tests=False, mixin_files=None, mixin=None, verb_parser=<colcon_mixin.mixin.mixin_argument.MixinArgumentDecorator object at 0xffff9aa66a10>, verb_extension=<colcon_core.verb.build.BuildVerb object at 0xffff9aa66290>, main=<bound method BuildVerb.main of <colcon_core.verb.build.BuildVerb object at 0xffff9aa66290>>, mixin_verb=('build',))
[0.772s] Level 1:colcon.colcon_core.package_discovery:discover_packages(colcon_meta) check parameters
[0.772s] Level 1:colcon.colcon_core.package_discovery:discover_packages(recursive) check parameters
[0.772s] Level 1:colcon.colcon_core.package_discovery:discover_packages(ignore) check parameters
[0.772s] Level 1:colcon.colcon_core.package_discovery:discover_packages(path) check parameters
[0.772s] Level 1:colcon.colcon_core.package_discovery:discover_packages(colcon_meta) discover
[0.772s] Level 1:colcon.colcon_core.package_discovery:discover_packages(recursive) discover
[0.773s] INFO:colcon.colcon_core.package_discovery:Crawling recursively for packages in '/home/avalor/holybro_avia/src/holybro_prep'
[0.773s] Level 1:colcon.colcon_core.package_identification:_identify(.) by extensions ['ignore', 'ignore_ament_install']
[0.773s] Level 1:colcon.colcon_core.package_identification:_identify(.) by extension 'ignore'
[0.773s] Level 1:colcon.colcon_core.package_identification:_identify(.) by extension 'ignore_ament_install'
[0.773s] Level 1:colcon.colcon_core.package_identification:_identify(.) by extensions ['colcon_pkg']
[0.773s] Level 1:colcon.colcon_core.package_identification:_identify(.) by extension 'colcon_pkg'
[0.774s] Level 1:colcon.colcon_core.package_identification:_identify(.) by extensions ['colcon_meta']
[0.774s] Level 1:colcon.colcon_core.package_identification:_identify(.) by extension 'colcon_meta'
[0.774s] Level 1:colcon.colcon_core.package_identification:_identify(.) by extensions ['ros']
[0.774s] Level 1:colcon.colcon_core.package_identification:_identify(.) by extension 'ros'
[0.805s] DEBUG:colcon.colcon_core.package_identification:Package '.' with type 'ros.ament_cmake' and name 'holybro_prep'
[0.805s] Level 1:colcon.colcon_core.package_discovery:discover_packages(recursive) using defaults
[0.805s] Level 1:colcon.colcon_core.package_discovery:discover_packages(ignore) discover
[0.805s] Level 1:colcon.colcon_core.package_discovery:discover_packages(ignore) using defaults
[0.805s] Level 1:colcon.colcon_core.package_discovery:discover_packages(path) discover
[0.805s] Level 1:colcon.colcon_core.package_discovery:discover_packages(path) using defaults
[0.891s] Level 1:colcon.colcon_core.package_discovery:discover_packages(prefix_path) check parameters
[0.892s] Level 1:colcon.colcon_core.package_discovery:discover_packages(prefix_path) discover
[0.912s] DEBUG:colcon.colcon_installed_package_information.package_discovery:Found 12 installed packages in /home/avalor/holybro_avia/install
[0.916s] DEBUG:colcon.colcon_installed_package_information.package_discovery:Found 2 installed packages in /home/avalor/ws_sensor_combined/install
[0.922s] DEBUG:colcon.colcon_installed_package_information.package_discovery:Found 277 installed packages in /opt/ros/humble
[0.928s] Level 1:colcon.colcon_core.package_discovery:discover_packages(prefix_path) using defaults
[1.056s] Level 5:colcon.colcon_core.verb:set package 'holybro_prep' build argument 'cmake_args' from command line to 'None'
[1.056s] Level 5:colcon.colcon_core.verb:set package 'holybro_prep' build argument 'cmake_target' from command line to 'None'
[1.057s] Level 5:colcon.colcon_core.verb:set package 'holybro_prep' build argument 'cmake_target_skip_unavailable' from command line to 'False'
[1.057s] Level 5:colcon.colcon_core.verb:set package 'holybro_prep' build argument 'cmake_clean_cache' from command line to 'False'
[1.057s] Level 5:colcon.colcon_core.verb:set package 'holybro_prep' build argument 'cmake_clean_first' from command line to 'False'
[1.058s] Level 5:colcon.colcon_core.verb:set package 'holybro_prep' build argument 'cmake_force_configure' from command line to 'False'
[1.058s] Level 5:colcon.colcon_core.verb:set package 'holybro_prep' build argument 'ament_cmake_args' from command line to 'None'
[1.059s] Level 5:colcon.colcon_core.verb:set package 'holybro_prep' build argument 'catkin_cmake_args' from command line to 'None'
[1.059s] Level 5:colcon.colcon_core.verb:set package 'holybro_prep' build argument 'catkin_skip_building_tests' from command line to 'False'
[1.059s] DEBUG:colcon.colcon_core.verb:Building package 'holybro_prep' with the following arguments: {'ament_cmake_args': None, 'build_base': '/home/avalor/holybro_avia/src/holybro_prep/build/holybro_prep', 'catkin_cmake_args': None, 'catkin_skip_building_tests': False, 'cmake_args': None, 'cmake_clean_cache': False, 'cmake_clean_first': False, 'cmake_force_configure': False, 'cmake_target': None, 'cmake_target_skip_unavailable': False, 'install_base': '/home/avalor/holybro_avia/src/holybro_prep/install/holybro_prep', 'merge_install': False, 'path': '/home/avalor/holybro_avia/src/holybro_prep', 'symlink_install': False, 'test_result_base': None}
[1.060s] INFO:colcon.colcon_core.executor:Executing jobs using 'parallel' executor
[1.071s] DEBUG:colcon.colcon_parallel_executor.executor.parallel:run_until_complete
[1.072s] INFO:colcon.colcon_ros.task.ament_cmake.build:Building ROS package in '/home/avalor/holybro_avia/src/holybro_prep' with build type 'ament_cmake'
[1.073s] INFO:colcon.colcon_cmake.task.cmake.build:Building CMake package in '/home/avalor/holybro_avia/src/holybro_prep'
[1.085s] INFO:colcon.colcon_core.plugin_system:Skipping extension 'colcon_core.shell.bat': Not used on non-Windows systems
[1.085s] INFO:colcon.colcon_core.shell:Skip shell extension 'powershell' for command environment: Not usable outside of PowerShell
[1.085s] DEBUG:colcon.colcon_core.shell:Skip shell extension 'dsv' for command environment
[1.113s] DEBUG:colcon.colcon_core.event_handler.log_command:Invoking command in '/home/avalor/holybro_avia/src/holybro_prep/build/holybro_prep': CMAKE_PREFIX_PATH=${CMAKE_PREFIX_PATH}:/opt/ros/humble /usr/bin/cmake /home/avalor/holybro_avia/src/holybro_prep -DCMAKE_INSTALL_PREFIX=/home/avalor/holybro_avia/src/holybro_prep/install/holybro_prep
[3.850s] DEBUG:colcon.colcon_core.event_handler.log_command:Invoked command in '/home/avalor/holybro_avia/src/holybro_prep/build/holybro_prep' returned '0': CMAKE_PREFIX_PATH=${CMAKE_PREFIX_PATH}:/opt/ros/humble /usr/bin/cmake /home/avalor/holybro_avia/src/holybro_prep -DCMAKE_INSTALL_PREFIX=/home/avalor/holybro_avia/src/holybro_prep/install/holybro_prep
[3.851s] DEBUG:colcon.colcon_core.event_handler.log_command:Invoking command in '/home/avalor/holybro_avia/src/holybro_prep/build/holybro_prep': CMAKE_PREFIX_PATH=${CMAKE_PREFIX_PATH}:/opt/ros/humble /usr/bin/cmake --build /home/avalor/holybro_avia/src/holybro_prep/build/holybro_prep -- -j4 -l4
[3.959s] DEBUG:colcon.colcon_core.event_handler.log_command:Invoked command in '/home/avalor/holybro_avia/src/holybro_prep/build/holybro_prep' returned '0': CMAKE_PREFIX_PATH=${CMAKE_PREFIX_PATH}:/opt/ros/humble /usr/bin/cmake --build /home/avalor/holybro_avia/src/holybro_prep/build/holybro_prep -- -j4 -l4
[3.984s] DEBUG:colcon.colcon_core.event_handler.log_command:Invoking command in '/home/avalor/holybro_avia/src/holybro_prep/build/holybro_prep': CMAKE_PREFIX_PATH=${CMAKE_PREFIX_PATH}:/opt/ros/humble /usr/bin/cmake --install /home/avalor/holybro_avia/src/holybro_prep/build/holybro_prep
[4.027s] Level 1:colcon.colcon_core.environment:create_environment_scripts_only(holybro_prep)
[4.033s] DEBUG:colcon.colcon_core.event_handler.log_command:Invoked command in '/home/avalor/holybro_avia/src/holybro_prep/build/holybro_prep' returned '0': CMAKE_PREFIX_PATH=${CMAKE_PREFIX_PATH}:/opt/ros/humble /usr/bin/cmake --install /home/avalor/holybro_avia/src/holybro_prep/build/holybro_prep
[4.051s] Level 1:colcon.colcon_core.environment:checking '/home/avalor/holybro_avia/src/holybro_prep/install/holybro_prep' for CMake module files
[4.053s] Level 1:colcon.colcon_core.environment:checking '/home/avalor/holybro_avia/src/holybro_prep/install/holybro_prep' for CMake config files
[4.053s] Level 1:colcon.colcon_core.shell:create_environment_hook('holybro_prep', 'cmake_prefix_path')
[4.054s] INFO:colcon.colcon_core.shell:Creating environment hook '/home/avalor/holybro_avia/src/holybro_prep/install/holybro_prep/share/holybro_prep/hook/cmake_prefix_path.ps1'
[4.058s] INFO:colcon.colcon_core.shell:Creating environment descriptor '/home/avalor/holybro_avia/src/holybro_prep/install/holybro_prep/share/holybro_prep/hook/cmake_prefix_path.dsv'
[4.059s] INFO:colcon.colcon_core.shell:Creating environment hook '/home/avalor/holybro_avia/src/holybro_prep/install/holybro_prep/share/holybro_prep/hook/cmake_prefix_path.sh'
[4.061s] Level 1:colcon.colcon_core.environment:checking '/home/avalor/holybro_avia/src/holybro_prep/install/holybro_prep/bin'
[4.062s] Level 1:colcon.colcon_core.environment:checking '/home/avalor/holybro_avia/src/holybro_prep/install/holybro_prep/lib/pkgconfig/holybro_prep.pc'
[4.062s] Level 1:colcon.colcon_core.environment:checking '/home/avalor/holybro_avia/src/holybro_prep/install/holybro_prep/lib/python3.10/site-packages'
[4.063s] Level 1:colcon.colcon_core.environment:checking '/home/avalor/holybro_avia/src/holybro_prep/install/holybro_prep/bin'
[4.064s] INFO:colcon.colcon_core.shell:Creating package script '/home/avalor/holybro_avia/src/holybro_prep/install/holybro_prep/share/holybro_prep/package.ps1'
[4.065s] INFO:colcon.colcon_core.shell:Creating package descriptor '/home/avalor/holybro_avia/src/holybro_prep/install/holybro_prep/share/holybro_prep/package.dsv'
[4.067s] INFO:colcon.colcon_core.shell:Creating package script '/home/avalor/holybro_avia/src/holybro_prep/install/holybro_prep/share/holybro_prep/package.sh'
[4.069s] INFO:colcon.colcon_core.shell:Creating package script '/home/avalor/holybro_avia/src/holybro_prep/install/holybro_prep/share/holybro_prep/package.bash'
[4.071s] INFO:colcon.colcon_core.shell:Creating package script '/home/avalor/holybro_avia/src/holybro_prep/install/holybro_prep/share/holybro_prep/package.zsh'
[4.072s] Level 1:colcon.colcon_core.environment:create_file_with_runtime_dependencies(/home/avalor/holybro_avia/src/holybro_prep/install/holybro_prep/share/colcon-core/packages/holybro_prep)
[4.074s] Level 1:colcon.colcon_core.environment:create_environment_scripts_only(holybro_prep)
[4.074s] Level 1:colcon.colcon_core.environment:checking '/home/avalor/holybro_avia/src/holybro_prep/install/holybro_prep' for CMake module files
[4.075s] Level 1:colcon.colcon_core.environment:checking '/home/avalor/holybro_avia/src/holybro_prep/install/holybro_prep' for CMake config files
[4.076s] Level 1:colcon.colcon_core.shell:create_environment_hook('holybro_prep', 'cmake_prefix_path')
[4.076s] INFO:colcon.colcon_core.shell:Creating environment hook '/home/avalor/holybro_avia/src/holybro_prep/install/holybro_prep/share/holybro_prep/hook/cmake_prefix_path.ps1'
[4.077s] INFO:colcon.colcon_core.shell:Creating environment descriptor '/home/avalor/holybro_avia/src/holybro_prep/install/holybro_prep/share/holybro_prep/hook/cmake_prefix_path.dsv'
[4.078s] INFO:colcon.colcon_core.shell:Creating environment hook '/home/avalor/holybro_avia/src/holybro_prep/install/holybro_prep/share/holybro_prep/hook/cmake_prefix_path.sh'
[4.079s] Level 1:colcon.colcon_core.environment:checking '/home/avalor/holybro_avia/src/holybro_prep/install/holybro_prep/bin'
[4.079s] Level 1:colcon.colcon_core.environment:checking '/home/avalor/holybro_avia/src/holybro_prep/install/holybro_prep/lib/pkgconfig/holybro_prep.pc'
[4.080s] Level 1:colcon.colcon_core.environment:checking '/home/avalor/holybro_avia/src/holybro_prep/install/holybro_prep/lib/python3.10/site-packages'
[4.080s] Level 1:colcon.colcon_core.environment:checking '/home/avalor/holybro_avia/src/holybro_prep/install/holybro_prep/bin'
[4.081s] INFO:colcon.colcon_core.shell:Creating package script '/home/avalor/holybro_avia/src/holybro_prep/install/holybro_prep/share/holybro_prep/package.ps1'
[4.082s] INFO:colcon.colcon_core.shell:Creating package descriptor '/home/avalor/holybro_avia/src/holybro_prep/install/holybro_prep/share/holybro_prep/package.dsv'
[4.083s] INFO:colcon.colcon_core.shell:Creating package script '/home/avalor/holybro_avia/src/holybro_prep/install/holybro_prep/share/holybro_prep/package.sh'
[4.084s] INFO:colcon.colcon_core.shell:Creating package script '/home/avalor/holybro_avia/src/holybro_prep/install/holybro_prep/share/holybro_prep/package.bash'
[4.085s] INFO:colcon.colcon_core.shell:Creating package script '/home/avalor/holybro_avia/src/holybro_prep/install/holybro_prep/share/holybro_prep/package.zsh'
[4.085s] Level 1:colcon.colcon_core.environment:create_file_with_runtime_dependencies(/home/avalor/holybro_avia/src/holybro_prep/install/holybro_prep/share/colcon-core/packages/holybro_prep)
[4.086s] DEBUG:colcon.colcon_parallel_executor.executor.parallel:closing loop
[4.087s] DEBUG:colcon.colcon_parallel_executor.executor.parallel:loop closed
[4.087s] DEBUG:colcon.colcon_parallel_executor.executor.parallel:run_until_complete finished with '0'
[4.087s] DEBUG:colcon.colcon_core.event_reactor:joining thread
[4.106s] INFO:colcon.colcon_core.plugin_system:Skipping extension 'colcon_notification.desktop_notification.terminal_notifier': Not used on non-Darwin systems
[4.107s] INFO:colcon.colcon_core.plugin_system:Skipping extension 'colcon_notification.desktop_notification.win32': Not used on non-Windows systems
[4.108s] INFO:colcon.colcon_notification.desktop_notification:Sending desktop notification using 'notify2'
[4.173s] DEBUG:colcon.colcon_core.event_reactor:joined thread
[4.175s] INFO:colcon.colcon_core.shell:Creating prefix script '/home/avalor/holybro_avia/src/holybro_prep/install/local_setup.ps1'
[4.177s] INFO:colcon.colcon_core.shell:Creating prefix util module '/home/avalor/holybro_avia/src/holybro_prep/install/_local_setup_util_ps1.py'
[4.181s] INFO:colcon.colcon_core.shell:Creating prefix chain script '/home/avalor/holybro_avia/src/holybro_prep/install/setup.ps1'
[4.186s] INFO:colcon.colcon_core.shell:Creating prefix script '/home/avalor/holybro_avia/src/holybro_prep/install/local_setup.sh'
[4.188s] INFO:colcon.colcon_core.shell:Creating prefix util module '/home/avalor/holybro_avia/src/holybro_prep/install/_local_setup_util_sh.py'
[4.191s] INFO:colcon.colcon_core.shell:Creating prefix chain script '/home/avalor/holybro_avia/src/holybro_prep/install/setup.sh'
[4.195s] INFO:colcon.colcon_core.shell:Creating prefix script '/home/avalor/holybro_avia/src/holybro_prep/install/local_setup.bash'
[4.197s] INFO:colcon.colcon_core.shell:Creating prefix chain script '/home/avalor/holybro_avia/src/holybro_prep/install/setup.bash'
[4.201s] INFO:colcon.colcon_core.shell:Creating prefix script '/home/avalor/holybro_avia/src/holybro_prep/install/local_setup.zsh'
[4.203s] INFO:colcon.colcon_core.shell:Creating prefix chain script '/home/avalor/holybro_avia/src/holybro_prep/install/setup.zsh'
