[0.036s] Invoking command in '/home/avalor/holybro_avia/src/holybro_prep/build/holybro_prep': CMAKE_PREFIX_PATH=${CMAKE_PREFIX_PATH}:/opt/ros/humble /usr/bin/cmake /home/avalor/holybro_avia/src/holybro_prep -DCMAKE_INSTALL_PREFIX=/home/avalor/holybro_avia/src/holybro_prep/install/holybro_prep
[0.343s] -- The C compiler identification is GNU 11.4.0
[0.535s] -- The CXX compiler identification is GNU 11.4.0
[0.576s] -- Detecting C compiler ABI info
[0.894s] -- Detecting C compiler ABI info - done
[0.966s] -- Check for working C compiler: /usr/bin/cc - skipped
[0.979s] -- Detecting C compile features
[0.982s] -- Detecting C compile features - done
[1.022s] -- Detecting CXX compiler ABI info
[1.355s] -- Detecting CXX compiler ABI info - done
[1.390s] -- Check for working CXX compiler: /usr/bin/c++ - skipped
[1.392s] -- Detecting CXX compile features
[1.395s] -- Detecting CXX compile features - done
[1.440s] -- Found ament_cmake: 1.3.11 (/opt/ros/humble/share/ament_cmake/cmake)
[2.058s] -- Found Python3: /usr/bin/python3 (found version "3.10.12") found components: Interpreter 
[2.446s] -- Found ament_lint_auto: 0.12.12 (/opt/ros/humble/share/ament_lint_auto/cmake)
[2.701s] -- Added test 'cppcheck' to perform static code analysis on C / C++ code
[2.701s] -- Configured cppcheck include dirs: 
[2.701s] -- Configured cppcheck exclude dirs and/or files: 
[2.705s] -- Added test 'flake8' to check Python code syntax and style conventions
[2.711s] -- Added test 'lint_cmake' to check CMake code style
[2.715s] -- Added test 'pep257' to check Python code against some of the docstring style conventions in PEP 257
[2.729s] -- Added test 'uncrustify' to check C / C++ code style
[2.731s] -- Configured uncrustify additional arguments: 
[2.736s] -- Added test 'xmllint' to check XML markup files
[2.745s] -- Configuring done
[2.754s] -- Generating done
[2.758s] -- Build files have been written to: /home/avalor/holybro_avia/src/holybro_prep/build/holybro_prep
[2.774s] Invoked command in '/home/avalor/holybro_avia/src/holybro_prep/build/holybro_prep' returned '0': CMAKE_PREFIX_PATH=${CMAKE_PREFIX_PATH}:/opt/ros/humble /usr/bin/cmake /home/avalor/holybro_avia/src/holybro_prep -DCMAKE_INSTALL_PREFIX=/home/avalor/holybro_avia/src/holybro_prep/install/holybro_prep
[2.775s] Invoking command in '/home/avalor/holybro_avia/src/holybro_prep/build/holybro_prep': CMAKE_PREFIX_PATH=${CMAKE_PREFIX_PATH}:/opt/ros/humble /usr/bin/cmake --build /home/avalor/holybro_avia/src/holybro_prep/build/holybro_prep -- -j4 -l4
[2.882s] Invoked command in '/home/avalor/holybro_avia/src/holybro_prep/build/holybro_prep' returned '0': CMAKE_PREFIX_PATH=${CMAKE_PREFIX_PATH}:/opt/ros/humble /usr/bin/cmake --build /home/avalor/holybro_avia/src/holybro_prep/build/holybro_prep -- -j4 -l4
[2.906s] Invoking command in '/home/avalor/holybro_avia/src/holybro_prep/build/holybro_prep': CMAKE_PREFIX_PATH=${CMAKE_PREFIX_PATH}:/opt/ros/humble /usr/bin/cmake --install /home/avalor/holybro_avia/src/holybro_prep/build/holybro_prep
[2.924s] -- Install configuration: ""
[2.925s] -- Installing: /home/avalor/holybro_avia/src/holybro_prep/install/holybro_prep/share/holybro_prep/launch
[2.925s] -- Installing: /home/avalor/holybro_avia/src/holybro_prep/install/holybro_prep/share/holybro_prep/launch/holybro_rosbag.py
[2.926s] -- Installing: /home/avalor/holybro_avia/src/holybro_prep/install/holybro_prep/share/holybro_prep/launch/holybro_play.launch.py
[2.926s] -- Installing: /home/avalor/holybro_avia/src/holybro_prep/install/holybro_prep/share/holybro_prep/launch/holybro_prep.launch.py
[2.926s] -- Installing: /home/avalor/holybro_avia/src/holybro_prep/install/holybro_prep/share/holybro_prep/rviz
[2.926s] -- Installing: /home/avalor/holybro_avia/src/holybro_prep/install/holybro_prep/share/holybro_prep/rviz/default.rviz
[2.934s] -- Installing: /home/avalor/holybro_avia/src/holybro_prep/install/holybro_prep/share/holybro_prep/rviz/default_bag.rviz
[2.937s] -- Installing: /home/avalor/holybro_avia/src/holybro_prep/install/holybro_prep/share/ament_index/resource_index/package_run_dependencies/holybro_prep
[2.937s] -- Installing: /home/avalor/holybro_avia/src/holybro_prep/install/holybro_prep/share/ament_index/resource_index/parent_prefix_path/holybro_prep
[2.937s] -- Installing: /home/avalor/holybro_avia/src/holybro_prep/install/holybro_prep/share/holybro_prep/environment/ament_prefix_path.sh
[2.939s] -- Installing: /home/avalor/holybro_avia/src/holybro_prep/install/holybro_prep/share/holybro_prep/environment/ament_prefix_path.dsv
[2.939s] -- Installing: /home/avalor/holybro_avia/src/holybro_prep/install/holybro_prep/share/holybro_prep/environment/path.sh
[2.939s] -- Installing: /home/avalor/holybro_avia/src/holybro_prep/install/holybro_prep/share/holybro_prep/environment/path.dsv
[2.939s] -- Installing: /home/avalor/holybro_avia/src/holybro_prep/install/holybro_prep/share/holybro_prep/local_setup.bash
[2.940s] -- Installing: /home/avalor/holybro_avia/src/holybro_prep/install/holybro_prep/share/holybro_prep/local_setup.sh
[2.940s] -- Installing: /home/avalor/holybro_avia/src/holybro_prep/install/holybro_prep/share/holybro_prep/local_setup.zsh
[2.940s] -- Installing: /home/avalor/holybro_avia/src/holybro_prep/install/holybro_prep/share/holybro_prep/local_setup.dsv
[2.940s] -- Installing: /home/avalor/holybro_avia/src/holybro_prep/install/holybro_prep/share/holybro_prep/package.dsv
[2.941s] -- Installing: /home/avalor/holybro_avia/src/holybro_prep/install/holybro_prep/share/ament_index/resource_index/packages/holybro_prep
[2.941s] -- Installing: /home/avalor/holybro_avia/src/holybro_prep/install/holybro_prep/share/holybro_prep/cmake/holybro_prepConfig.cmake
[2.946s] -- Installing: /home/avalor/holybro_avia/src/holybro_prep/install/holybro_prep/share/holybro_prep/cmake/holybro_prepConfig-version.cmake
[2.946s] -- Installing: /home/avalor/holybro_avia/src/holybro_prep/install/holybro_prep/share/holybro_prep/package.xml
[2.956s] Invoked command in '/home/avalor/holybro_avia/src/holybro_prep/build/holybro_prep' returned '0': CMAKE_PREFIX_PATH=${CMAKE_PREFIX_PATH}:/opt/ros/humble /usr/bin/cmake --install /home/avalor/holybro_avia/src/holybro_prep/build/holybro_prep
